<?xml version="1.0" encoding="UTF-8"?>
<EcigProduct>
   <ProductID confidential="false">00000-00-00000</ProductID>
   <OtherProductsExist confidential="true">false</OtherProductsExist>
   <SameCompositionProductsExist confidential="true">true</SameCompositionProductsExist>
   <SameCompositionProducts>
      <ProductIdentification confidential="true" type="TEXT">other EU markets</ProductIdentification>
   </SameCompositionProducts>
   <Manufacturers>
      <Manufacturer confidential="false">
         <Name>Nicocigs Ltd.</Name>
         <Address>1234 Address St</Address>
         <Country>GB</Country>
         <PhoneNumber>41 (0)73 985 68 25</PhoneNumber>
         <Email>pmi@pmi</Email>
         <ProductionSiteAddresses>
            <ProductionSiteAddress confidential="false">
               <Address>1234 Keller Drive</Address>
               <Country>CH</Country>
            </ProductionSiteAddress>
         </ProductionSiteAddresses>
      </Manufacturer>
   </Manufacturers>
   <ProductType confidential="false">2</ProductType>
   <Weight confidential="false">1075.6</Weight>
   <Volume confidential="false">1</Volume>
   <ClpClassification confidential="false">Not classified</ClpClassification>
   <Presentations>
      <Presentation>
         <NationalMarket confidential="false">GB</NationalMarket>
         <NationalComment confidential="false">Should be GB not UK</NationalComment>
         <BrandName confidential="false">Brand 3</BrandName>
         <BrandSubtypeNameExists confidential="false">true</BrandSubtypeNameExists>
         <BrandSubtypeName confidential="false">XL Amber Bliss</BrandSubtypeName>
         <LaunchDate confidential="false">2016-09-01</LaunchDate>
         <WithdrawalIndication confidential="false">false</WithdrawalIndication>
         <ProductNumberType confidential="false">SUBMITTER</ProductNumberType>
         <ProductNumber confidential="false">POM.ooooo</ProductNumber>
         <PackageUnits confidential="false">1</PackageUnits>
         <UnitPacketPictureFile attachmentID="Product_Unit_Packet_Picture_File.pdf"/>
         <AnnualSalesDataList>
            <AnnualSalesData>
               <Year confidential="true">2016</Year>
               <SalesVolume confidential="true">5500</SalesVolume>
               <SalesMode attachmentID="Product_Mode_Of_Sales.pdf"/>
            </AnnualSalesData>
         </AnnualSalesDataList>
      </Presentation>
   </Presentations>
   <Ingredients>
      <Ingredient>
         <Name confidential="false">Ingredient_ Name1</Name>
         <CasNumberExists confidential="false">true</CasNumberExists>
         <CasNumber confidential="false">44444-44-4</CasNumber>
         <AdditionalCasNumbers>
            <CasNumber confidential="false">11-11-3</CasNumber>
            <CasNumber confidential="false">11-11-4</CasNumber>
            <CasNumber confidential="false">11-11-5</CasNumber>
         </AdditionalCasNumbers>
         <RecipeQuantity confidential="false">7752.214919</RecipeQuantity>
         <Functions>
            <Function confidential="false">4</Function>
         </Functions>
         <ToxicityStatus confidential="false">0</ToxicityStatus>
         <ReachRegistration confidential="false">NOT_YET_REGISTERED</ReachRegistration>
         <ClpWhetherClassification confidential="false">false</ClpWhetherClassification>
         <ToxicologicalDetails>
            <ToxicologicalDataAvailable confidential="false">1</ToxicologicalDataAvailable>
            <ToxEmission confidential="false">true</ToxEmission>
            <ToxCmr confidential="false">false</ToxCmr>
            <ToxCardioPulmonary confidential="false">true</ToxCardioPulmonary>
            <ToxAddictive confidential="false">false</ToxAddictive>
            <ToxOther confidential="false">true</ToxOther>
            <ToxEmissionFiles>
               <Attachment attachmentID="Ingredient_Tox_Emission_File.pdf"/>
            </ToxEmissionFiles>
            <ToxCardioPulmonaryFiles>
               <Attachment attachmentID="Ingredient_Tox_CardioPulmonary_File.pdf"/>
            </ToxCardioPulmonaryFiles>
            <ToxOtherFiles>
               <Attachment attachmentID="Ingredient_Tox_Other_File.pdf"/>
            </ToxOtherFiles>
         </ToxicologicalDetails>
         <IdentificationRefillContainerCartridge confidential="false">N/A</IdentificationRefillContainerCartridge>
      </Ingredient>
      <Ingredient>
         <Name confidential="false">Ingredient_ Name2</Name>
         <CasNumberExists confidential="false">true</CasNumberExists>
         <CasNumber confidential="false">555555-55-5</CasNumber>
         <AdditionalCasNumbers>
            <CasNumber confidential="false">11-11-3</CasNumber>
            <CasNumber confidential="false">11-11-4</CasNumber>
         </AdditionalCasNumbers>
         <RecipeQuantity confidential="false">2151.4</RecipeQuantity>
         <Functions>
            <Function confidential="false">4</Function>
         </Functions>
         <ToxicityStatus confidential="false">0</ToxicityStatus>
         <ReachRegistration confidential="false">EXEMPTED</ReachRegistration>
         <ClpWhetherClassification confidential="false">false</ClpWhetherClassification>
         <ToxicologicalDetails>
            <ToxicologicalDataAvailable confidential="false">1</ToxicologicalDataAvailable>
            <ToxEmission confidential="false">true</ToxEmission>
            <ToxCmr confidential="false">false</ToxCmr>
            <ToxCardioPulmonary confidential="false">true</ToxCardioPulmonary>
            <ToxAddictive confidential="false">false</ToxAddictive>
            <ToxOther confidential="false">true</ToxOther>
            <ToxEmissionFiles>
               <Attachment attachmentID="Ingredient_Tox_Emission_File.pdf"/>
            </ToxEmissionFiles>
            <ToxCardioPulmonaryFiles>
               <Attachment attachmentID="Ingredient_Tox_CardioPulmonary_File.pdf"/>
            </ToxCardioPulmonaryFiles>
            <ToxOtherFiles>
               <Attachment attachmentID="Ingredient_Tox_Other_File.pdf"/>
            </ToxOtherFiles>
         </ToxicologicalDetails>
         <IdentificationRefillContainerCartridge confidential="false">N/A</IdentificationRefillContainerCartridge>
      </Ingredient>
      <Ingredient>
         <Name confidential="false">Ingredient_ Name3</Name>
         <CasNumberExists confidential="false">true</CasNumberExists>
         <CasNumber confidential="false">11-11-1</CasNumber>
         <AdditionalCasNumbers>
            <CasNumber confidential="false">11-11-3</CasNumber>
         </AdditionalCasNumbers>
         <RecipeQuantity confidential="false">645.42</RecipeQuantity>
         <Functions>
            <Function confidential="false">2</Function>
         </Functions>
         <ToxicityStatus confidential="false">0</ToxicityStatus>
         <ReachRegistrationNumber confidential="false">1</ReachRegistrationNumber>
         <ClpWhetherClassification confidential="false">true</ClpWhetherClassification>
         <ClpAcuteToxOral confidential="false">1</ClpAcuteToxOral>
         <ClpAcuteToxDermal confidential="false">1</ClpAcuteToxDermal>
         <ClpAcuteToxInhalation confidential="false">1</ClpAcuteToxInhalation>
         <ClpSkinCorrosiveIrritant confidential="false">1A</ClpSkinCorrosiveIrritant>
         <ClpEyeDamageIrritation confidential="false">1</ClpEyeDamageIrritation>
         <ClpRespiratorySensitisation confidential="false">1</ClpRespiratorySensitisation>
         <ClpSkinSensitisation confidential="false">1</ClpSkinSensitisation>
         <ClpMutagenGenotox confidential="false">1A</ClpMutagenGenotox>
         <ClpCarcinogenicity confidential="false">1A</ClpCarcinogenicity>
         <ClpReproductiveTox confidential="false">1A</ClpReproductiveTox>
         <ClpStot confidential="false">1</ClpStot>
         <ClpStotDescription confidential="false">CLP STOT Description</ClpStotDescription>
         <ClpAspirationTox confidential="false">1</ClpAspirationTox>
         <ToxicologicalDetails>
            <ToxicologicalDataAvailable confidential="false">1</ToxicologicalDataAvailable>
            <ToxEmission confidential="false">true</ToxEmission>
            <ToxCmr confidential="false">false</ToxCmr>
            <ToxCardioPulmonary confidential="false">true</ToxCardioPulmonary>
            <ToxAddictive confidential="false">false</ToxAddictive>
            <ToxOther confidential="false">true</ToxOther>
            <ToxEmissionFiles>
               <Attachment attachmentID="Ingredient_Tox_Emission_File.pdf"/>
            </ToxEmissionFiles>
            <ToxCardioPulmonaryFiles>
               <Attachment attachmentID="Ingredient_Tox_CardioPulmonary_File.pdf"/>
            </ToxCardioPulmonaryFiles>
            <ToxOtherFiles>
               <Attachment attachmentID="Ingredient_Tox_Other_File.pdf"/>
            </ToxOtherFiles>
         </ToxicologicalDetails>
         <IdentificationRefillContainerCartridge confidential="false">N/A</IdentificationRefillContainerCartridge>
      </Ingredient>
      <Ingredient>
         <Name confidential="false">Ingredient_ Name4</Name>
         <CasNumberExists confidential="false">false</CasNumberExists>
         <FemaNumber confidential="false">1234</FemaNumber>
         <RecipeQuantity confidential="false">180.07218</RecipeQuantity>
         <Functions>
            <Function confidential="false">1</Function>
         </Functions>
         <ToxicityStatus confidential="false">1</ToxicityStatus>
         <ReachRegistration confidential="false">NOT_YET_REGISTERED</ReachRegistration>
         <ClpWhetherClassification confidential="false">true</ClpWhetherClassification>
         <ClpAcuteToxOral confidential="false">1</ClpAcuteToxOral>
         <ClpAcuteToxDermal confidential="false">1</ClpAcuteToxDermal>
         <ClpAcuteToxInhalation confidential="false">1</ClpAcuteToxInhalation>
         <ClpSkinCorrosiveIrritant confidential="false">1A</ClpSkinCorrosiveIrritant>
         <ClpEyeDamageIrritation confidential="false">1</ClpEyeDamageIrritation>
         <ClpRespiratorySensitisation confidential="false">1</ClpRespiratorySensitisation>
         <ClpSkinSensitisation confidential="false">1</ClpSkinSensitisation>
         <ClpMutagenGenotox confidential="false">1A</ClpMutagenGenotox>
         <ClpCarcinogenicity confidential="false">1A</ClpCarcinogenicity>
         <ClpReproductiveTox confidential="false">1A</ClpReproductiveTox>
         <ClpStot confidential="false">1</ClpStot>
         <ClpStotDescription confidential="false">CLP STOT Description</ClpStotDescription>
         <ClpAspirationTox confidential="false">1</ClpAspirationTox>
         <ToxicologicalDetails>
            <ToxicologicalDataAvailable confidential="false">1</ToxicologicalDataAvailable>
            <ToxEmission confidential="false">true</ToxEmission>
            <ToxCmr confidential="false">false</ToxCmr>
            <ToxCardioPulmonary confidential="false">true</ToxCardioPulmonary>
            <ToxAddictive confidential="false">false</ToxAddictive>
            <ToxOther confidential="false">true</ToxOther>
            <ToxEmissionFiles>
               <Attachment attachmentID="Ingredient_Tox_Emission_File.pdf"/>
            </ToxEmissionFiles>
            <ToxCardioPulmonaryFiles>
               <Attachment attachmentID="Ingredient_Tox_CardioPulmonary_File.pdf"/>
            </ToxCardioPulmonaryFiles>
            <ToxOtherFiles>
               <Attachment attachmentID="Ingredient_Tox_Other_File.pdf"/>
            </ToxOtherFiles>
         </ToxicologicalDetails>
         <IdentificationRefillContainerCartridge confidential="false">N/A</IdentificationRefillContainerCartridge>
      </Ingredient>
      <Ingredient>
         <Name confidential="true">Ingredient_ Name5</Name>
         <CasNumberExists confidential="true">false</CasNumberExists>
         <AdditiveNumber confidential="true">12345</AdditiveNumber>
         <RecipeQuantity confidential="true">7.5299</RecipeQuantity>
         <Functions>
            <Function confidential="true">12</Function>
         </Functions>
         <ToxicityStatus confidential="true">1</ToxicityStatus>
         <ReachRegistration confidential="true">NOT_YET_REGISTERED</ReachRegistration>
         <ClpWhetherClassification confidential="true">false</ClpWhetherClassification>
         <ToxicologicalDetails>
            <ToxicologicalDataAvailable confidential="true">1</ToxicologicalDataAvailable>
            <ToxEmission confidential="true">true</ToxEmission>
            <ToxCmr confidential="true">false</ToxCmr>
            <ToxCardioPulmonary confidential="true">true</ToxCardioPulmonary>
            <ToxAddictive confidential="true">false</ToxAddictive>
            <ToxOther confidential="true">true</ToxOther>
            <ToxEmissionFiles>
               <Attachment attachmentID="Ingredient_Tox_Emission_File.pdf"/>
            </ToxEmissionFiles>
            <ToxCardioPulmonaryFiles>
               <Attachment attachmentID="Ingredient_Tox_CardioPulmonary_File.pdf"/>
            </ToxCardioPulmonaryFiles>
            <ToxOtherFiles>
               <Attachment attachmentID="Ingredient_Tox_Other_File.pdf"/>
            </ToxOtherFiles>
         </ToxicologicalDetails>
         <IdentificationRefillContainerCartridge confidential="true">N/A</IdentificationRefillContainerCartridge>
      </Ingredient>
   </Ingredients>
   <Emissions>
      <Emission>
         <CasNumber confidential="true">54-11-5</CasNumber>
         <Quantity confidential="true">10000</Quantity>
         <Unit confidential="true">mg per puff</Unit>
         <MethodsFile>
            <Attachment attachmentID="Emission_Method_Files.pdf"/>
         </MethodsFile>
         <ProductCombination confidential="true">ecig with refill container 1</ProductCombination>
         <Name confidential="true">1</Name>
      </Emission>
      <Emission>
         <CasNumber confidential="true">50-00-0</CasNumber>
         <Quantity confidential="true">10</Quantity>
         <Unit confidential="true">mg per puff</Unit>
         <MethodsFile>
            <Attachment attachmentID="Emission_Method_Files.pdf"/>
         </MethodsFile>
         <ProductCombination confidential="true">ecig with refill container 1</ProductCombination>
         <Name confidential="true">4</Name>
      </Emission>
      <Emission>
         <CasNumber confidential="true">75-07-0</CasNumber>
         <Quantity confidential="true">0.9</Quantity>
         <Unit confidential="true">mg per puff</Unit>
         <MethodsFile>
            <Attachment attachmentID="Emission_Method_Files.pdf"/>
         </MethodsFile>
         <Name confidential="true">5</Name>
      </Emission>
      <Emission>
         <CasNumber confidential="true">107-02-8</CasNumber>
         <Quantity confidential="true">0.09</Quantity>
         <Unit confidential="true">mg per puff</Unit>
         <MethodsFile>
            <Attachment attachmentID="Emission_Method_Files.pdf"/>
         </MethodsFile>
         <Name confidential="true">6</Name>
      </Emission>
      <Emission>
         <CasNumber confidential="true">7429-90-5</CasNumber>
         <Quantity confidential="true">0.009</Quantity>
         <Unit confidential="true">mg per puff</Unit>
         <MethodsFile>
            <Attachment attachmentID="Emission_Method_Files.pdf"/>
         </MethodsFile>
         <Name confidential="true">22</Name>
         <NameOther confidential="true">Emission 1</NameOther>
      </Emission>
      <Emission>
         <CasNumber confidential="true">7439-97-6</CasNumber>
         <Quantity confidential="true">0.000000009</Quantity>
         <Unit confidential="true">mg/puff</Unit>
         <MethodsFile>
            <Attachment attachmentID="Emission_Method_Files.pdf"/>
         </MethodsFile>
         <Name confidential="true">22</Name>
         <NameOther confidential="true">Emission 4</NameOther>
      </Emission>
      <Emission>
         <CasNumber confidential="true">431-03-8</CasNumber>
         <Quantity confidential="true">0.0000000009</Quantity>
         <Unit confidential="true">mg/puff</Unit>
         <MethodsFile>
            <Attachment attachmentID="Emission_Method_Files.pdf"/>
         </MethodsFile>
         <Name confidential="true">20</Name>
      </Emission>
      <Emission>
         <CasNumber confidential="true">600-14-6</CasNumber>
         <Quantity confidential="true">0.00000000009</Quantity>
         <Unit confidential="true">mg/puff</Unit>
         <MethodsFile>
            <Attachment attachmentID="Emission_Method_Files.pdf"/>
         </MethodsFile>
         <Name confidential="true">21</Name>
      </Emission>
   </Emissions>
   <Design>
      <Description confidential="false">Ecigarette 3</Description>
      <IdentificationEcigDevice confidential="false">N/A</IdentificationEcigDevice>
      <LiquidVolumeCapacity confidential="false">1</LiquidVolumeCapacity>
      <NicotineConcentration confidential="false">0.2</NicotineConcentration>
      <BatteryType confidential="false">lithium-ion cell /
Joysun 08450 model</BatteryType>
      <BatteryCapacity confidential="false">185</BatteryCapacity>
      <VoltageWattageAdjustable confidential="false">4</VoltageWattageAdjustable>
      <Voltage confidential="false">3.8</Voltage>
      <Wattage confidential="false">4</Wattage>
      <AirflowAdjustable confidential="false">false</AirflowAdjustable>
      <WickChangeable confidential="false">false</WickChangeable>
      <Microprocessor confidential="false">true</Microprocessor>
      <CoilComposition confidential="false">Ni80Cr20</CoilComposition>
      <NicotineDoseUptakeFile attachmentID="E-Cigarette_Nicotine_Dose_Uptake_File.pdf"/>
      <ProductionFile attachmentID="E-Cigarette_Production_File.pdf"/>
      <ProductionConformity confidential="false">true</ProductionConformity>
      <QualitySafety confidential="false">true</QualitySafety>
      <ChildTamperProof confidential="false"/>
      <HighPurity confidential="false"/>
      <NonRisk confidential="false"/>
      <ConsistentDosing confidential="false"/>
   </Design>
</EcigProduct>
