<?xml version="1.0" encoding="UTF-8"?>
<Product xmlns:xsi="http://www.w3.org/2001/XMLSchema-instance" xsi:type="TobaccoProduct">
   <ProductID confidential="false">pom.00001</ProductID>
   <ProductType confidential="false">2</ProductType>
</Product>
