<?xml version="1.0" encoding="UTF-8"?>
<Attachment action="CREATE">
   <AttachmentID>a318fb18-ce1e-4de9-b2a9-c8e5ea2e1b9e</AttachmentID>
   <Confidential>false</Confidential>
</Attachment>
