<?xml version="1.0" encoding="UTF-8"?>
<TobaccoProduct>
   <ProductID confidential="false">pom.00001</ProductID>
   <ProductType confidential="false">2</ProductType>
</TobaccoProduct>
