<?xml version="1.0" encoding="UTF-8"?>
<Attachment>
   <Content>dGVzdCB0ZXh0</Content>
   <Confidential>false</Confidential>
</Attachment>
